// Jest Snapshot v1, https://goo.gl/fbAQLP

exports[`import/no-duplicates incorrect 1`] = `
Array [
  Object {
    "errorCount": 0,
    "filePath": StringContaining "e2e/import/no-duplicates/incorrect.ts",
    "fixableErrorCount": 0,
    "fixableWarningCount": 0,
    "messages": Array [],
    "usedDeprecatedRules": Array [],
    "warningCount": 0,
  },
]
`;
