// Jest Snapshot v1, https://goo.gl/fbAQLP

exports[`import/no-unresolved correct 1`] = `""`;
