// Jest Snapshot v1, https://goo.gl/fbAQLP

exports[`import/first correct 1`] = `""`;
