// Jest Snapshot v1, https://goo.gl/fbAQLP

exports[`@typescript-eslint/naming-convention correct 1`] = `""`;
