// Jest Snapshot v1, https://goo.gl/fbAQLP

exports[`@typescript-eslint/no-magic-numbers incorrect 1`] = `""`;
