// Jest Snapshot v1, https://goo.gl/fbAQLP

exports[`import/newline-after-import incorrect 1`] = `""`;
