// Jest Snapshot v1, https://goo.gl/fbAQLP

exports[`@typescript-eslint/typedef incorrect 1`] = `""`;
