// Jest Snapshot v1, https://goo.gl/fbAQLP

exports[`import/newline-after-import error should validate : index.ts 1`] = `
Object {
  "errorCount": 0,
  "fixableErrorCount": 0,
  "fixableWarningCount": 0,
  "results": Array [
    Object {
      "errorCount": 0,
      "filePath": StringContaining "e2e/import/newline-after-import/__fixtures__/correct/index.ts",
      "fixableErrorCount": 0,
      "fixableWarningCount": 0,
      "messages": Array [],
      "warningCount": 0,
    },
  ],
  "usedDeprecatedRules": Array [],
  "warningCount": 0,
}
`;
