// Jest Snapshot v1, https://goo.gl/fbAQLP

exports[`@typescript-eslint/no-type-alias incorrect 1`] = `""`;
