// Jest Snapshot v1, https://goo.gl/fbAQLP

exports[`@typescript-eslint/prefer-readonly-parameter-types incorrect 1`] = `""`;
