// Jest Snapshot v1, https://goo.gl/fbAQLP

exports[`@typescript-eslint/no-unsafe-assignment incorrect 1`] = `""`;
