// Jest Snapshot v1, https://goo.gl/fbAQLP

exports[`@typescript-eslint/explicit-module-boundary-types incorrect 1`] = `
"/e2e/@typescript-eslint/explicit-module-boundary-types/incorrect.ts: line 1, col 8, Warning - Missing return type on function. (@typescript-eslint/explicit-module-boundary-types)
/e2e/@typescript-eslint/explicit-module-boundary-types/incorrect.ts: line 6, col 16, Warning - Missing return type on function. (@typescript-eslint/explicit-module-boundary-types)
/e2e/@typescript-eslint/explicit-module-boundary-types/incorrect.ts: line 11, col 25, Warning - Missing return type on function. (@typescript-eslint/explicit-module-boundary-types)
/e2e/@typescript-eslint/explicit-module-boundary-types/incorrect.ts: line 14, col 26, Warning - Argument 'arg' should be typed with a non-any type. (@typescript-eslint/explicit-module-boundary-types)
/e2e/@typescript-eslint/explicit-module-boundary-types/incorrect.ts: line 18, col 3, Warning - Missing return type on function. (@typescript-eslint/explicit-module-boundary-types)

5 problems"
`;
