// Jest Snapshot v1, https://goo.gl/fbAQLP

exports[`@typescript-eslint/no-parameter-properties incorrect 1`] = `
Object {
  "errorCount": 0,
  "fixableErrorCount": 0,
  "fixableWarningCount": 0,
  "results": Array [
    Object {
      "errorCount": 0,
      "filePath": StringContaining "e2e/@typescript-eslint/no-parameter-properties/incorrect.ts",
      "fixableErrorCount": 0,
      "fixableWarningCount": 0,
      "messages": Array [],
      "warningCount": 0,
    },
  ],
  "usedDeprecatedRules": Array [],
  "warningCount": 0,
}
`;
