// Jest Snapshot v1, https://goo.gl/fbAQLP

exports[`@typescript-eslint/explicit-module-boundary-types off should invalidate : index.ts 1`] = `
Object {
  "errorCount": 0,
  "fixableErrorCount": 0,
  "fixableWarningCount": 0,
  "results": Array [
    Object {
      "errorCount": 0,
      "filePath": StringContaining "e2e/@typescript-eslint/explicit-module-boundary-types/__fixtures__/incorrect/index.ts",
      "fixableErrorCount": 0,
      "fixableWarningCount": 0,
      "messages": Array [
        Object {
          "column": 8,
          "endColumn": 23,
          "endLine": 1,
          "line": 1,
          "message": "Missing return type on function.",
          "messageId": "missingReturnType",
          "nodeType": "FunctionDeclaration",
          "ruleId": "@typescript-eslint/explicit-module-boundary-types",
          "severity": 1,
        },
        Object {
          "column": 16,
          "endColumn": 27,
          "endLine": 6,
          "line": 6,
          "message": "Missing return type on function.",
          "messageId": "missingReturnType",
          "nodeType": "FunctionDeclaration",
          "ruleId": "@typescript-eslint/explicit-module-boundary-types",
          "severity": 1,
        },
        Object {
          "column": 25,
          "endColumn": 30,
          "endLine": 11,
          "line": 11,
          "message": "Missing return type on function.",
          "messageId": "missingReturnType",
          "nodeType": "ArrowFunctionExpression",
          "ruleId": "@typescript-eslint/explicit-module-boundary-types",
          "severity": 1,
        },
        Object {
          "column": 25,
          "endColumn": 60,
          "endLine": 14,
          "line": 14,
          "message": "Argument 'arg' should be typed.",
          "messageId": "missingArgType",
          "nodeType": "ArrowFunctionExpression",
          "ruleId": "@typescript-eslint/explicit-module-boundary-types",
          "severity": 1,
        },
        Object {
          "column": 3,
          "endColumn": 11,
          "endLine": 18,
          "line": 18,
          "message": "Missing return type on function.",
          "messageId": "missingReturnType",
          "nodeType": "FunctionExpression",
          "ruleId": "@typescript-eslint/explicit-module-boundary-types",
          "severity": 1,
        },
      ],
      "source": "export function test() {
  return;
}

// Should indicate that a number is returned
export default function () {
  return 1;
}

// Should indicate that a string is returned
export const arrowFn1 = () => \\"test\\";

// eslint-disable-next-line @typescript-eslint/no-explicit-any
export const arrowFn2 = (arg: any): string => \`test \${arg}\`;

export class Test {
  // Should indicate that no value is returned (void)
  method() {
    return;
  }
}
",
      "warningCount": 5,
    },
  ],
  "usedDeprecatedRules": Array [],
  "warningCount": 5,
}
`;
