// Jest Snapshot v1, https://goo.gl/fbAQLP

exports[`simple-import-sort/sort incorrect 1`] = `""`;
