// Jest Snapshot v1, https://goo.gl/fbAQLP

exports[`@typescript-eslint/explicit-member-accessibility incorrect 1`] = `""`;
