// Jest Snapshot v1, https://goo.gl/fbAQLP

exports[`import/no-duplicates error should invalidate : index.ts 1`] = `
Object {
  "errorCount": 0,
  "fixableErrorCount": 0,
  "fixableWarningCount": 0,
  "results": Array [
    Object {
      "errorCount": 0,
      "filePath": StringContaining "e2e/import/no-duplicates/__fixtures__/incorrect/index.ts",
      "fixableErrorCount": 0,
      "fixableWarningCount": 0,
      "messages": Array [],
      "warningCount": 0,
    },
  ],
  "usedDeprecatedRules": Array [],
  "warningCount": 0,
}
`;
