// Jest Snapshot v1, https://goo.gl/fbAQLP

exports[`sort-keys-fix/sort-keys-fix correct 1`] = `""`;
