// Jest Snapshot v1, https://goo.gl/fbAQLP

exports[`sort-keys-fix/sort-keys-fix incorrect 1`] = `
Array [
  Object {
    "errorCount": 0,
    "filePath": StringContaining "e2e/sort-keys-fix/sort-keys-fix/incorrect.ts",
    "fixableErrorCount": 0,
    "fixableWarningCount": 0,
    "messages": Array [],
    "usedDeprecatedRules": Array [],
    "warningCount": 0,
  },
]
`;
