// Jest Snapshot v1, https://goo.gl/fbAQLP

exports[`@typescript-eslint/restrict-template-expressions incorrect 1`] = `""`;
